// Jest Snapshot v1, https://goo.gl/fbAQLP

exports['<Button /> should render the medium size by default 1'] = `
.c0 {
  width: -webkit-fit-content;
  width: -moz-fit-content;
  width: fit-content;
  background: #6200EE;
  cursor: pointer;
  position: relative;
  outline: none;
  display: -webkit-box;
  display: -webkit-flex;
  display: -ms-flexbox;
  display: flex;
  -webkit-box-pack: center;
  -webkit-justify-content: center;
  -ms-flex-pack: center;
  justify-content: center;
  -webkit-align-items: center;
  -webkit-box-align: center;
  -ms-flex-align: center;
  align-items: center;
  color: #F4F4F5;
  -webkit-text-decoration: none;
  text-decoration: none;
  -webkit-transition: all 0.3s cubic-bezier(0.68,-0.6,0.32,1.6);
  transition: all 0.3s cubic-bezier(0.68,-0.6,0.32,1.6);
  font-size: 1.4rem;
  padding: 0.8rem 3.2rem;
}

.c0:not(:disabled):is(:hover,:focus) {
  -webkit-filter: brightness(1.1);
  filter: brightness(1.1);
  box-shadow: 0 0.8rem 2.8rem rgba(118,74,241,0.5);
}

.c0:not(:disabled):active {
  -webkit-filter: brightness(0.9);
  filter: brightness(0.9);
}

.c0 span {
  font-size: 1.6rem;
  font-weight: 500;
  line-height: 1;
  display: block;
  position: relative;
  -webkit-transition: -webkit-transform 0.3s cubic-bezier(0.68,-0.6,0.32,1.6);
  -webkit-transition: transform 0.3s cubic-bezier(0.68,-0.6,0.32,1.6);
  transition: transform 0.3s cubic-bezier(0.68,-0.6,0.32,1.6);
  z-index: 1;
}

.c0:not(:disabled):is(:hover,:focus) span {
  -webkit-transform: scale(1.05);
  -ms-transform: scale(1.05);
  transform: scale(1.05);
}

.c0:not(:disabled):is(:hover,:focus) .icon {
  -webkit-transform: scale(1.2);
  -ms-transform: scale(1.2);
  transform: scale(1.2);
}

.c0:not(:disabled):active span {
  -webkit-transform: scale(0.95);
  -ms-transform: scale(0.95);
  transform: scale(0.95);
}

.c0 svg {
  -webkit-transition: -webkit-transform 0.3s cubic-bezier(0.68,-0.6,0.32,1.6);
  -webkit-transition: transform 0.3s cubic-bezier(0.68,-0.6,0.32,1.6);
  transition: transform 0.3s cubic-bezier(0.68,-0.6,0.32,1.6);
}

.c0 .effect {
  fill: #855aff;
  position: absolute;
  top: -5%;
  left: -5%;
  width: 110%;
  height: 110%;
  z-index: -1;
}

.c0 .effect path {
  -webkit-transition: 0.3s cubic-bezier(0.68,-0.6,0.32,1.6);
  transition: 0.3s cubic-bezier(0.68,-0.6,0.32,1.6);
}

.c0:not(:disabled):is(:hover,:focus) .effect path {
  d: path( 'M0,0 C0,-5 100,-5 100,0 C105,0 105,100 100,100 C100,105 0,105 0,100 C-5,100 -5,0 0,0' );
}

.c0:not(:disabled):active .effect path {
  d: path( 'M0,0 C30,10 70,10 100,0 C95,30 95,70 100,100 C70,90 30,90 0,100 C5,70 5,30 0,0' );
}

<button
  aria-label="Button Action"
  class="c0"
>
  <span>
    Buy now
  </span>
  <svg
    aria-hidden="true"
    class="effect"
    preserveAspectRatio="none"
    viewBox="-5 -5 110 110"
  >
    <path
      d="M0,0 C0,0 100,0 100,0 C100,0 100,100 100,100 C100,100 0,100 0,100 C0,100 0,0 0,0"
    />
  </svg>
</button>
`;
