// Jest Snapshot v1, https://goo.gl/fbAQLP

exports['<GameCard /> should render the heading 1'] = `
.c13 {
  display: -webkit-box;
  display: -webkit-flex;
  display: -ms-flexbox;
  display: flex;
  -webkit-align-items: center;
  -webkit-box-align: center;
  -ms-flex-align: center;
  align-items: center;
  -webkit-box-pack: center;
  -webkit-justify-content: center;
  -ms-flex-pack: center;
  justify-content: center;
  color: #FFFFFF;
  -webkit-transition: color 0.3s linear;
  transition: color 0.3s linear;
}

.c13:hover {
  cursor: pointer;
  color: #855aff;
}

.c14 {
  width: 2.8rem;
  height: 2.8rem;
}

.c0 {
  width: 100%;
  height: 22rem;
  position: relative;
  overflow: hidden;
  margin: 0 auto;
  border-radius: 0.4rem;
}

.c1 {
  width: 100%;
  min-height: 37.8rem;
  position: relative;
  cursor: pointer;
  -webkit-filter: blur(0.5px);
  filter: blur(0.5px);
}

.c2 {
  width: 100%;
  height: 100%;
  display: -webkit-box;
  display: -webkit-flex;
  display: -ms-flexbox;
  display: flex;
  -webkit-box-pack: justify;
  -webkit-justify-content: space-between;
  -ms-flex-pack: justify;
  justify-content: space-between;
  -webkit-flex-direction: column;
  -ms-flex-direction: column;
  flex-direction: column;
  padding: 2rem;
  position: absolute;
  gap: 1.6rem;
  top: 0;
  background: linear-gradient(90deg,#010914 12.5%,rgba(4,4,12,0.3) 100%);
}

.c3 {
  width: 100%;
  display: -webkit-box;
  display: -webkit-flex;
  display: -ms-flexbox;
  display: flex;
  -webkit-box-pack: justify;
  -webkit-justify-content: space-between;
  -ms-flex-pack: justify;
  justify-content: space-between;
  cursor: pointer;
}

.c8 {
  margin-top: 1rem;
  position: relative;
}

.c9 {
  font-size: 1.4rem;
  font-weight: 400;
  font-style: normal;
  line-height: 2.4rem;
  color: #F4F4F5;
  text-shadow: 0px 0px 10px rgba(255,255,255,0.5);
  position: absolute;
  top: 9px;
  left: 11px;
}

.c4 {
  max-width: calc(100% - 4rem);
}

.c5 {
  font-size: 2.0rem;
  line-height: 3.2rem;
  font-weight: 400;
  color: #F4F4F5;
  font-style: normal;
  margin-bottom: 2.4rem;
}

.c6 {
  font-size: 1.4rem;
  line-height: 1.6rem;
  font-weight: 400;
  font-style: normal;
  color: #717B8A;
}

.c7 {
  font-size: 1rem;
  line-height: 1.6rem;
  font-weight: 400;
  font-style: normal;
  color: #717B8A;
  margin-top: 5px;
}

.c10 {
  display: -webkit-box;
  display: -webkit-flex;
  display: -ms-flexbox;
  display: flex;
  -webkit-align-items: center;
  -webkit-box-align: center;
  -ms-flex-align: center;
  align-items: center;
  -webkit-box-pack: justify;
  -webkit-justify-content: space-between;
  -ms-flex-pack: justify;
  justify-content: space-between;
}

.c11 {
  font-size: 1.6rem;
  font-weight: 400;
  line-height: 2.4rem;
  font-style: normal;
  color: #F4F4F5;
}

.c12 {
  display: -webkit-box;
  display: -webkit-flex;
  display: -ms-flexbox;
  display: flex;
  -webkit-align-items: center;
  -webkit-box-align: center;
  -ms-flex-align: center;
  align-items: center;
  -webkit-box-pack: center;
  -webkit-justify-content: center;
  -ms-flex-pack: center;
  justify-content: center;
  gap: 1rem;
}

@media (min-width:450px) {
  .c0 {
    width: 29.1rem;
    height: 100%;
    border-radius: 0;
  }
}

@media (min-width:450px) {
  .c1 {
    -webkit-filter: none;
    filter: none;
    background-color: #010914;
  }
}

@media (min-width:450px) {
  .c2 {
    width: auto;
    min-height: 20.8rem;
    position: inherit;
    background-color: #010914;
  }
}

@media (min-width:450px) {
  .c5 {
    font-size: 2.5rem;
  }
}

@media (min-width:450px) {
  .c6 {
    font-size: 1.6rem;
  }
}

@media (min-width:450px) {
  .c7 {
    font-size: 1.2rem;
  }
}

@media (min-width:450px) {
  .c11 {
    font-size: 2.0rem;
  }
}

<article
  class="c0"
>
  <div
    class="c1"
    href="/game"
  >
    <img
      alt="God of War: Ragnarök"
      src="https://i.pinimg.com/originals/34/f8/e5/34f8e55845212171e8bb35edc5b08018.jpg"
    />
  </div>
  <div
    class="c2"
  >
    <div
      class="c3"
      href="/game"
    >
      <div
        class="c4"
      >
        <h3
          class="c5"
        >
          God of War: Ragnarök
        </h3>
        <p
          class="c6"
        >
          Action-adventure
        </p>
        <p
          class="c7"
        >
          Santa Monica Games
          , 
          2022
        </p>
      </div>
      <div
        class="c8"
      >
        <svg
          aria-label="Score"
          height="42"
          role="img"
          viewBox="0 0 42 42"
          width="42"
        >
          <path
            d="M1 21a20 20 0 1 1 40 0 20 20 0 0 1-40 0"
            fill="none"
            pathLength="100"
            stroke="#0FBF00"
            stroke-dasharray="100 0"
            stroke-dashoffset="-25"
            stroke-width="2"
          />
        </svg>
        <p
          class="c9"
        >
          5,0
        </p>
      </div>
    </div>
    <div
      class="0 c10"
    >
      <p
        class="1 c11"
      >
        $ 60.99
      </p>
      <div
        class="2 c12"
      >
        <div
          class="c13"
          color="white"
        >
          <svg
            aria-label="PlayStation Icon"
            class="c14"
            fill="none"
            role="figure"
            viewBox="0 0 28 22"
            xmlns="http://www.w3.org/2000/svg"
          >
            <path
              d="M.567 16.039c-1.05.71-.7 2.057 1.538 2.697 2.309.781 4.826.994 7.276.569.139 0 .28-.072.35-.072v-2.415l-2.378.781c-.91.284-1.818.356-2.727.141-.7-.213-.561-.638.28-.994l4.826-1.703v-2.624l-6.717 2.342c-.839.284-1.68.71-2.448 1.278ZM16.796 5.393v6.883c2.868 1.42 5.106 0 5.106-3.69 0-3.76-1.329-5.463-5.177-6.81C14.697 1.062 12.598.425 10.5 0v20.51L15.396 22V4.755c0-.782 0-1.348.561-1.135.77.212.839.994.839 1.773Zm9.096 9.012c-2.028-.71-4.197-.994-6.296-.781-1.119.071-2.17.355-3.149.71l-.21.07v2.77l4.549-1.704c.909-.284 1.818-.356 2.727-.14.7.212.56.637-.28.993l-6.996 2.626v2.697l9.655-3.62c.7-.284 1.328-.637 1.889-1.206.49-.712.28-1.706-1.89-2.415Z"
              fill="currentColor"
            />
          </svg>
        </div>
      </div>
    </div>
  </div>
</article>
`;
