// Jest Snapshot v1, https://goo.gl/fbAQLP

exports['<GameCartDrop /> should render the Image Game 1'] = `
.c0 {
  display: -webkit-box;
  display: -webkit-flex;
  display: -ms-flexbox;
  display: flex;
  -webkit-flex-direction: column;
  -ms-flex-direction: column;
  flex-direction: column;
  padding: 1.2rem 0;
  border-bottom: 1px solid #F4F4F5;
}

.c1 {
  display: -webkit-box;
  display: -webkit-flex;
  display: -ms-flexbox;
  display: flex;
  margin-bottom: 1rem;
}

.c2 {
  width: 50%;
  aspect-ratio: 16/9;
  border-radius: 0.5rem;
  overflow: hidden;
  position: relative;
}

.c3 {
  display: -webkit-box;
  display: -webkit-flex;
  display: -ms-flexbox;
  display: flex;
  -webkit-flex-direction: column;
  -ms-flex-direction: column;
  flex-direction: column;
  padding: 0 0.8rem;
}

.c4 {
  color: #717B8A;
  font-size: 1.2rem;
  font-style: italic;
  font-weight: 300;
  margin-bottom: 0.8rem;
}

.c5 {
  color: #F4F4F5;
  font-size: 1.6rem;
  margin-bottom: 0.5rem;
}

.c6 {
  color: #F4F4F5;
  font-size: 1.2rem;
  font-style: italic;
  font-weight: 300;
  margin-bottom: 0.8rem;
}

.c7 {
  display: -webkit-box;
  display: -webkit-flex;
  display: -ms-flexbox;
  display: flex;
  -webkit-box-pack: justify;
  -webkit-justify-content: space-between;
  -ms-flex-pack: justify;
  justify-content: space-between;
  -webkit-align-items: center;
  -webkit-box-align: center;
  -ms-flex-align: center;
  align-items: center;
}

.c8 {
  display: -webkit-box;
  display: -webkit-flex;
  display: -ms-flexbox;
  display: flex;
  -webkit-align-items: center;
  -webkit-box-align: center;
  -ms-flex-align: center;
  align-items: center;
  margin-left: calc(25% - 5.5rem);
}

.c9 {
  width: 3rem;
  height: 3rem;
  color: #F4F4F5;
  font-size: 1.6rem;
  display: -webkit-box;
  display: -webkit-flex;
  display: -ms-flexbox;
  display: flex;
  -webkit-align-items: center;
  -webkit-box-align: center;
  -ms-flex-align: center;
  align-items: center;
  -webkit-box-pack: center;
  -webkit-justify-content: center;
  -ms-flex-pack: center;
  justify-content: center;
  cursor: pointer;
  -webkit-transition: color 0.2s linear;
  transition: color 0.2s linear;
}

.c9:is(:hover,:focus) {
  color: #855aff;
}

.c10 {
  width: 5rem;
  height: 5rem;
  color: #F4F4F5;
  font-size: 1.7rem;
  display: -webkit-box;
  display: -webkit-flex;
  display: -ms-flexbox;
  display: flex;
  -webkit-align-items: center;
  -webkit-box-align: center;
  -ms-flex-align: center;
  align-items: center;
  -webkit-box-pack: center;
  -webkit-justify-content: center;
  -ms-flex-pack: center;
  justify-content: center;
}

.c11 {
  width: 3rem;
  height: 3rem;
  color: #F4F4F5;
  font-size: 1.6rem;
  display: -webkit-box;
  display: -webkit-flex;
  display: -ms-flexbox;
  display: flex;
  -webkit-align-items: center;
  -webkit-box-align: center;
  -ms-flex-align: center;
  align-items: center;
  -webkit-box-pack: center;
  -webkit-justify-content: center;
  -ms-flex-pack: center;
  justify-content: center;
  cursor: pointer;
  -webkit-transition: color 0.2s linear;
  transition: color 0.2s linear;
}

.c11:is(:hover,:focus) {
  color: #855aff;
}

.c12 {
  font-size: 1.6rem;
  color: #F4F4F5;
}

.c13 {
  width: 100%;
  display: -webkit-box;
  display: -webkit-flex;
  display: -ms-flexbox;
  display: flex;
  -webkit-box-pack: end;
  -webkit-justify-content: flex-end;
  -ms-flex-pack: end;
  justify-content: flex-end;
}

.c14 {
  display: -webkit-box;
  display: -webkit-flex;
  display: -ms-flexbox;
  display: flex;
  -webkit-box-pack: justify;
  -webkit-justify-content: space-between;
  -ms-flex-pack: justify;
  justify-content: space-between;
  -webkit-align-items: center;
  -webkit-box-align: center;
  -ms-flex-align: center;
  align-items: center;
  gap: 2rem;
}

.c15 {
  color: #717B8A;
  font-size: 1.2rem;
  font-weight: 500;
  cursor: pointer;
  -webkit-transition: color 0.2s linear;
  transition: color 0.2s linear;
  padding: 0 2rem;
  border-right: 2px solid #F4F4F5;
}

.c15:is(:hover,:focus) {
  color: #855aff;
}

.c16 {
  color: #855aff;
  display: -webkit-box;
  display: -webkit-flex;
  display: -ms-flexbox;
  display: flex;
  gap: 0.5rem;
  cursor: pointer;
  font-size: 1.2rem;
  -webkit-align-items: center;
  -webkit-box-align: center;
  -ms-flex-align: center;
  align-items: center;
}

<div
  class="c0"
>
  <div
    class="c1"
  >
    <div
      class="c2"
    >
      <span
        style="box-sizing: border-box; display: block; overflow: hidden; background: none; opacity: 1; border: 0px; margin: 0px; padding: 0px; position: absolute; top: 0px; left: 0px; bottom: 0px; right: 0px;"
      >
        <img
          alt="Image game"
          data-nimg="fill"
          decoding="async"
          src="data:image/gif;base64,R0lGODlhAQABAIAAAAAAAP///yH5BAEAAAAALAAAAAABAAEAAAIBRAA7"
          style="position: absolute; top: 0px; left: 0px; bottom: 0px; right: 0px; box-sizing: border-box; padding: 0px; margin: auto; display: block; width: 0px; height: 0px; min-width: 100%; max-width: 100%; min-height: 100%; max-height: 100%; object-fit: cover;"
        />
        <noscript />
      </span>
    </div>
    <div
      class="c3"
    >
      <h2
        class="c4"
      >
        Action
      </h2>
      <h2
        class="c5"
      >
        The Witcher 3
      </h2>
      <h2
        class="c6"
      >
        CD Projekt
      </h2>
    </div>
  </div>
  <div
    class="c7"
  >
    <div
      class="c8"
    >
      <button
        aria-label="Less to Cart"
        class="c9"
      >
         
        -
         
      </button>
      <span
        aria-label="Quantity Cart"
        class="0 c10"
      >
        1
      </span>
      <button
        aria-label="Add to Cart"
        class="1 c11"
      >
         
        +
         
      </button>
    </div>
    <strong
      class="2 c12"
    >
      R$ 100,00
    </strong>
  </div>
  <div
    class="3 c13"
  >
    <div
      class="4 c14"
    >
      <button
        class="5 c15"
      >
        Move To Favorites
      </button>
      <button
        class="6 c16"
      >
        <svg
          fill="currentColor"
          height="20"
          viewBox="0 0 256 256"
          width="20"
          xmlns="http://www.w3.org/2000/svg"
        >
          <rect
            fill="none"
            height="256"
            width="256"
          />
          <line
            fill="none"
            stroke="currentColor"
            stroke-linecap="round"
            stroke-linejoin="round"
            stroke-width="16"
            x1="216"
            x2="40"
            y1="56"
            y2="56"
          />
          <line
            fill="none"
            stroke="currentColor"
            stroke-linecap="round"
            stroke-linejoin="round"
            stroke-width="16"
            x1="104"
            x2="104"
            y1="104"
            y2="168"
          />
          <line
            fill="none"
            stroke="currentColor"
            stroke-linecap="round"
            stroke-linejoin="round"
            stroke-width="16"
            x1="152"
            x2="152"
            y1="104"
            y2="168"
          />
          <path
            d="M200,56V208a8,8,0,0,1-8,8H64a8,8,0,0,1-8-8V56"
            fill="none"
            stroke="currentColor"
            stroke-linecap="round"
            stroke-linejoin="round"
            stroke-width="16"
          />
          <path
            d="M168,56V40a16,16,0,0,0-16-16H104A16,16,0,0,0,88,40V56"
            fill="none"
            stroke="currentColor"
            stroke-linecap="round"
            stroke-linejoin="round"
            stroke-width="16"
          />
        </svg>
        Remover
      </button>
    </div>
  </div>
</div>
`;
