// Jest Snapshot v1, https://goo.gl/fbAQLP

exports['<CartIcon /> should render without quantity 1'] = `
.c0 {
  position: relative;
  width: -webkit-fit-content;
  width: -moz-fit-content;
  width: fit-content;
  -webkit-transition: color 0.3s linear;
  transition: color 0.3s linear;
}

.c0:is(:hover,:focus) {
  cursor: pointer;
  color: #855aff;
}

<div
  class="c0"
>
  <svg
    aria-hidden="true"
    aria-label="Cart Icon"
    fill="currentColor"
    focusable="false"
    height="24"
    viewBox="0 0 256 256"
    width="24"
    xmlns="http://www.w3.org/2000/svg"
  >
    <rect
      fill="none"
      height="256"
      width="256"
    />
    <path
      d="M208.8,72H47.2a8.1,8.1,0,0,0-8,7.1L25,207.1a8,8,0,0,0,7.9,8.9H223.1a8,8,0,0,0,7.9-8.9l-14.2-128A8.1,8.1,0,0,0,208.8,72Z"
      fill="none"
      stroke="currentColor"
      stroke-linecap="round"
      stroke-linejoin="round"
      stroke-width="16"
    />
    <path
      d="M88,72a40,40,0,0,1,80,0"
      fill="none"
      stroke="currentColor"
      stroke-linecap="round"
      stroke-linejoin="round"
      stroke-width="16"
    />
  </svg>
  <span
    style="position: absolute; border: 0px; width: 1px; height: 1px; padding: 0px; margin: -1px; overflow: hidden; clip: rect(0px, 0px, 0px, 0px); white-space: nowrap; word-wrap: normal;"
  >
    Shopping Bag
  </span>
</div>
`;
