// Jest Snapshot v1, https://goo.gl/fbAQLP

exports['<MenuMobile /> should render user logged 1'] = `
@media (min-width:450px) {

}

@media (min-width:768px) {

}

<button
  aria-controls="radix-:r0:"
  aria-expanded="true"
  aria-haspopup="dialog"
  data-state="open"
  type="button"
>
  <div
    data-testid="Click"
  />
</button>
`;
